// Jest Snapshot v1, https://goo.gl/fbAQLP

exports[`NoteEditor Unit Tests  renders correctly 1`] = `
<div
  className="undefined"
  data-role="note-editor"
  id="note-editor"
/>
`;
