// Jest Snapshot v1, https://goo.gl/fbAQLP

exports[`DailyMeasurements Unit Tests when normally set up renders correctly 1`] = `
<Fragment>
  <span>
    Loading Current Daily Record
  </span>
</Fragment>
`;
