// Jest Snapshot v1, https://goo.gl/fbAQLP

exports[`HourBlockRowRecord Unit Tests when normally set up renders correctly 1`] = `
<Fragment>
  <span
    className="flex-1 flex-container-row border-right-white-20"
  >
    <span
      className="flex-1"
      style={
        Object {
          "backgroundColor": "",
        }
      }
    >
      <Connect(ProjectSelect)
        onChangeEvent={[Function]}
        value=""
      />
    </span>
  </span>
</Fragment>
`;
