// Jest Snapshot v1, https://goo.gl/fbAQLP

exports[`NotebookList Unit Tests  renders correctly 1`] = `<Fragment />`;
