// Jest Snapshot v1, https://goo.gl/fbAQLP

exports[`InputUncontrolled Unit Tests when normally set up renders correctly 1`] = `
<input
  className="flex-1"
  name=""
  onKeyDown={[Function]}
  type="text"
/>
`;
