// Jest Snapshot v1, https://goo.gl/fbAQLP

exports[`MainIntelNote Unit Tests when normally set up renders correctly 1`] = `
<main
  data-role="main-intelnote"
  id="intelnote"
>
  <IntelNotePage />
</main>
`;
