// Jest Snapshot v1, https://goo.gl/fbAQLP

exports[`IntelNotePage Unit Tests  renders correctly 1`] = `
<Fragment>
  <Connect(NotebookGroupList) />
  <Connect(NoteList) />
  <Connect(NoteEditor) />
</Fragment>
`;
