// Jest Snapshot v1, https://goo.gl/fbAQLP

exports[`DailyRecordsChart Unit Tests when normally set up renders correctly 1`] = `
<div
  className="flex-1"
  data-role="dailyrecords-chart"
  id="chart"
/>
`;
