// Jest Snapshot v1, https://goo.gl/fbAQLP

exports[`HourBlockPage Unit Tests when normally set up renders correctly 1`] = `
<div
  className="flex-container-row page"
  data-role="hourblock-page"
>
  <section
    className="flex-5"
  >
    <div
      className="bg-white-20 height-40 flex-container-row"
    >
      <span
        className="flex-1 text-left height-40 line-height-40 font-400 font-24 margin-left-10 "
      >
        2017-01-01 Sun
         
        - W
        52
      </span>
      <div
        className="flex-1 text-right margin-right-10"
      >
        <div
          className="font-400 color-green height-20 line-height-20"
        >
          QUICK LINK
        </div>
        <br />
        <div
          className="height-20 line-height-20"
        >
          <span
            onClick={[Function]}
            role="button"
            tabIndex="-1"
          >
            Last Day
          </span>
          <span>
            |
          </span>
          <span
            onClick={[Function]}
            role="button"
            tabIndex="-1"
          >
            Today
          </span>
          <span>
            |
          </span>
          <span
            onClick={[Function]}
            role="button"
            tabIndex="-1"
          >
            Next Day
          </span>
        </div>
      </div>
    </div>
    <withRouter(Connect(HourBlockList))
      dayMomentObject={"2016-12-31T15:00:00.000Z"}
    />
  </section>
</div>
`;
