// Jest Snapshot v1, https://goo.gl/fbAQLP

exports[`ProjectTaskList Unit Tests when normally set up renders correctly 1`] = `<Fragment />`;
