// Jest Snapshot v1, https://goo.gl/fbAQLP

exports[`DailyTasksList Unit Tests when normally set up renders correctly 1`] = `
<section
  className="flex-1"
  data-role="dailytasks-list"
>
  <div
    className="section-header flex-container-row"
    style={
      Object {
        "background": undefined,
      }
    }
  >
    <span
      className="flex-1"
    >
       
      Details
    </span>
    <span
      className="widdth-20"
    >
      <i
        className="fa fa-fw fa-eye color-black"
        onClick={[Function]}
        role="button"
        tabIndex="-1"
      />
    </span>
  </div>
  <div
    className="section-content"
  >
    <span
      className="flex-container-row"
    >
      <div
        className="flex-1 false"
        key="1"
        onClick={[Function]}
        role="button"
        tabIndex="-1"
      >
        1
      </div>
      <div
        className="flex-1 false"
        key="2"
        onClick={[Function]}
        role="button"
        tabIndex="-1"
      >
        2
      </div>
      <div
        className="flex-1 false"
        key="3"
        onClick={[Function]}
        role="button"
        tabIndex="-1"
      >
        3
      </div>
      <div
        className="flex-1 false"
        key="4"
        onClick={[Function]}
        role="button"
        tabIndex="-1"
      >
        4
      </div>
      <div
        className="flex-1 false"
        key="5"
        onClick={[Function]}
        role="button"
        tabIndex="-1"
      >
        5
      </div>
      <div
        className="flex-1 false"
        key="6"
        onClick={[Function]}
        role="button"
        tabIndex="-1"
      >
        6
      </div>
      <div
        className="flex-1 false"
        key="7"
        onClick={[Function]}
        role="button"
        tabIndex="-1"
      >
        7
      </div>
      <div
        className="flex-1 false"
        key="8"
        onClick={[Function]}
        role="button"
        tabIndex="-1"
      >
        8
      </div>
      <div
        className="flex-1 false"
        key="9"
        onClick={[Function]}
        role="button"
        tabIndex="-1"
      >
        9
      </div>
      <div
        className="flex-1 color-orange font-400"
        key="10"
        onClick={[Function]}
        role="button"
        tabIndex="-1"
      >
        10
      </div>
      <div
        className="flex-1 false"
        key="11"
        onClick={[Function]}
        role="button"
        tabIndex="-1"
      >
        11
      </div>
      <div
        className="flex-1 false"
        key="12"
        onClick={[Function]}
        role="button"
        tabIndex="-1"
      >
        12
      </div>
    </span>
    0
  </div>
</section>
`;
