// Jest Snapshot v1, https://goo.gl/fbAQLP

exports[`WorkoutRecordsChart Unit Tests when normally set up renders correctly 1`] = `
<div
  className="flex-1"
  data-role="workoutrecords-chart"
  id="chart"
/>
`;
